// Jest Snapshot v1, https://goo.gl/fbAQLP

exports[`<Heading /> should render only a h1 heading by default 1`] = `
<body>
  <div>
    <h1
      class="font-bold text-4xl text-gray-900"
    >
      Heading text
    </h1>
  </div>
</body>
`;
